Traceback (most recent call last):
  File "/usr/lib64/python3.9/runpy.py", line 197, in _run_module_as_main
    return _run_code(code, main_globals, None,
  File "/usr/lib64/python3.9/runpy.py", line 87, in _run_code
    exec(code, run_globals)
  File "/home/opc/.local/lib/python3.9/site-packages/uvicorn/__main__.py", line 4, in <module>
    uvicorn.main()
  File "/home/opc/.local/lib/python3.9/site-packages/click/core.py", line 1161, in __call__
    return self.main(*args, **kwargs)
  File "/home/opc/.local/lib/python3.9/site-packages/click/core.py", line 1082, in main
    rv = self.invoke(ctx)
  File "/home/opc/.local/lib/python3.9/site-packages/click/core.py", line 1443, in invoke
    return ctx.invoke(self.callback, **ctx.params)
  File "/home/opc/.local/lib/python3.9/site-packages/click/core.py", line 788, in invoke
    return __callback(*args, **kwargs)
  File "/home/opc/.local/lib/python3.9/site-packages/uvicorn/main.py", line 423, in main
    run(
  File "/home/opc/.local/lib/python3.9/site-packages/uvicorn/main.py", line 593, in run
    server.run()
  File "/home/opc/.local/lib/python3.9/site-packages/uvicorn/server.py", line 67, in run
    return asyncio_run(self.serve(sockets=sockets), loop_factory=self.config.get_loop_factory())
  File "/home/opc/.local/lib/python3.9/site-packages/uvicorn/_compat.py", line 60, in asyncio_run
    return loop.run_until_complete(main)
  File "/usr/lib64/python3.9/asyncio/base_events.py", line 647, in run_until_complete
    return future.result()
  File "/home/opc/.local/lib/python3.9/site-packages/uvicorn/server.py", line 71, in serve
    await self._serve(sockets)
  File "/home/opc/.local/lib/python3.9/site-packages/uvicorn/server.py", line 78, in _serve
    config.load()
  File "/home/opc/.local/lib/python3.9/site-packages/uvicorn/config.py", line 439, in load
    self.loaded_app = import_from_string(self.app)
  File "/home/opc/.local/lib/python3.9/site-packages/uvicorn/importer.py", line 19, in import_from_string
    module = importlib.import_module(module_str)
  File "/usr/lib64/python3.9/importlib/__init__.py", line 127, in import_module
    return _bootstrap._gcd_import(name[level:], package, level)
  File "<frozen importlib._bootstrap>", line 1030, in _gcd_import
  File "<frozen importlib._bootstrap>", line 1007, in _find_and_load
  File "<frozen importlib._bootstrap>", line 986, in _find_and_load_unlocked
  File "<frozen importlib._bootstrap>", line 680, in _load_unlocked
  File "<frozen importlib._bootstrap_external>", line 850, in exec_module
  File "<frozen importlib._bootstrap>", line 228, in _call_with_frames_removed
  File "/home/opc/stack/app.py", line 4, in <module>
    from classifier import RulesClassifier
ImportError: cannot import name 'RulesClassifier' from 'classifier' (/home/opc/stack/classifier.py)
Traceback (most recent call last):
  File "/usr/lib64/python3.9/runpy.py", line 197, in _run_module_as_main
    return _run_code(code, main_globals, None,
  File "/usr/lib64/python3.9/runpy.py", line 87, in _run_code
    exec(code, run_globals)
  File "/home/opc/.local/lib/python3.9/site-packages/uvicorn/__main__.py", line 4, in <module>
    uvicorn.main()
  File "/home/opc/.local/lib/python3.9/site-packages/click/core.py", line 1161, in __call__
    return self.main(*args, **kwargs)
  File "/home/opc/.local/lib/python3.9/site-packages/click/core.py", line 1082, in main
    rv = self.invoke(ctx)
  File "/home/opc/.local/lib/python3.9/site-packages/click/core.py", line 1443, in invoke
    return ctx.invoke(self.callback, **ctx.params)
  File "/home/opc/.local/lib/python3.9/site-packages/click/core.py", line 788, in invoke
    return __callback(*args, **kwargs)
  File "/home/opc/.local/lib/python3.9/site-packages/uvicorn/main.py", line 423, in main
    run(
  File "/home/opc/.local/lib/python3.9/site-packages/uvicorn/main.py", line 593, in run
    server.run()
  File "/home/opc/.local/lib/python3.9/site-packages/uvicorn/server.py", line 67, in run
    return asyncio_run(self.serve(sockets=sockets), loop_factory=self.config.get_loop_factory())
  File "/home/opc/.local/lib/python3.9/site-packages/uvicorn/_compat.py", line 60, in asyncio_run
    return loop.run_until_complete(main)
  File "/usr/lib64/python3.9/asyncio/base_events.py", line 647, in run_until_complete
    return future.result()
  File "/home/opc/.local/lib/python3.9/site-packages/uvicorn/server.py", line 71, in serve
    await self._serve(sockets)
  File "/home/opc/.local/lib/python3.9/site-packages/uvicorn/server.py", line 78, in _serve
    config.load()
  File "/home/opc/.local/lib/python3.9/site-packages/uvicorn/config.py", line 439, in load
    self.loaded_app = import_from_string(self.app)
  File "/home/opc/.local/lib/python3.9/site-packages/uvicorn/importer.py", line 19, in import_from_string
    module = importlib.import_module(module_str)
  File "/usr/lib64/python3.9/importlib/__init__.py", line 127, in import_module
    return _bootstrap._gcd_import(name[level:], package, level)
  File "<frozen importlib._bootstrap>", line 1030, in _gcd_import
  File "<frozen importlib._bootstrap>", line 1007, in _find_and_load
  File "<frozen importlib._bootstrap>", line 986, in _find_and_load_unlocked
  File "<frozen importlib._bootstrap>", line 680, in _load_unlocked
  File "<frozen importlib._bootstrap_external>", line 846, in exec_module
  File "<frozen importlib._bootstrap_external>", line 983, in get_code
  File "<frozen importlib._bootstrap_external>", line 913, in source_to_code
  File "<frozen importlib._bootstrap>", line 228, in _call_with_frames_removed
  File "/home/opc/stack/app.py", line 1
    from classifier import RulesFirstClassifierclassifier = RulesFirstClassifier()from fastapi import FastAPI, HTTPException, Request
                                                          ^
SyntaxError: invalid syntax
INFO:     Started server process [53032]
INFO:     Waiting for application startup.
/home/opc/stack/app.py:13: RuntimeWarning: coroutine 'RedisStreamsBroker.connect' was never awaited
  broker.connect()
RuntimeWarning: Enable tracemalloc to get the object allocation traceback
INFO:     Application startup complete.
INFO:     Uvicorn running on http://0.0.0.0:8000 (Press CTRL+C to quit)
INFO:     127.0.0.1:44410 - "GET /health HTTP/1.1" 200 OK
INFO:     127.0.0.1:45064 - "POST /webhook HTTP/1.1" 500 Internal Server Error
ERROR:    Exception in ASGI application
Traceback (most recent call last):
  File "/home/opc/.local/lib/python3.9/site-packages/uvicorn/protocols/http/h11_impl.py", line 409, in run_asgi
    result = await app(  # type: ignore[func-returns-value]
  File "/home/opc/.local/lib/python3.9/site-packages/uvicorn/middleware/proxy_headers.py", line 60, in __call__
    return await self.app(scope, receive, send)
  File "/home/opc/.local/lib/python3.9/site-packages/fastapi/applications.py", line 1138, in __call__
    await super().__call__(scope, receive, send)
  File "/home/opc/.local/lib/python3.9/site-packages/starlette/applications.py", line 113, in __call__
    await self.middleware_stack(scope, receive, send)
  File "/home/opc/.local/lib/python3.9/site-packages/starlette/middleware/errors.py", line 186, in __call__
    raise exc
  File "/home/opc/.local/lib/python3.9/site-packages/starlette/middleware/errors.py", line 164, in __call__
    await self.app(scope, receive, _send)
  File "/home/opc/.local/lib/python3.9/site-packages/starlette/middleware/exceptions.py", line 63, in __call__
    await wrap_app_handling_exceptions(self.app, conn)(scope, receive, send)
  File "/home/opc/.local/lib/python3.9/site-packages/starlette/_exception_handler.py", line 53, in wrapped_app
    raise exc
  File "/home/opc/.local/lib/python3.9/site-packages/starlette/_exception_handler.py", line 42, in wrapped_app
    await app(scope, receive, sender)
  File "/home/opc/.local/lib/python3.9/site-packages/fastapi/middleware/asyncexitstack.py", line 18, in __call__
    await self.app(scope, receive, send)
  File "/home/opc/.local/lib/python3.9/site-packages/starlette/routing.py", line 716, in __call__
    await self.middleware_stack(scope, receive, send)
  File "/home/opc/.local/lib/python3.9/site-packages/starlette/routing.py", line 736, in app
    await route.handle(scope, receive, send)
  File "/home/opc/.local/lib/python3.9/site-packages/starlette/routing.py", line 290, in handle
    await self.app(scope, receive, send)
  File "/home/opc/.local/lib/python3.9/site-packages/fastapi/routing.py", line 121, in app
    await wrap_app_handling_exceptions(app, request)(scope, receive, send)
  File "/home/opc/.local/lib/python3.9/site-packages/starlette/_exception_handler.py", line 53, in wrapped_app
    raise exc
  File "/home/opc/.local/lib/python3.9/site-packages/starlette/_exception_handler.py", line 42, in wrapped_app
    await app(scope, receive, sender)
  File "/home/opc/.local/lib/python3.9/site-packages/fastapi/routing.py", line 107, in app
    response = await f(request)
  File "/home/opc/.local/lib/python3.9/site-packages/fastapi/routing.py", line 426, in app
    raw_response = await run_endpoint_function(
  File "/home/opc/.local/lib/python3.9/site-packages/fastapi/routing.py", line 314, in run_endpoint_function
    return await dependant.call(**values)
  File "/home/opc/stack/app.py", line 23, in ingest_webhook
    classification = classifier.evaluate(payload)
AttributeError: 'RulesFirstClassifier' object has no attribute 'evaluate'
INFO:     127.0.0.1:58944 - "POST /webhook HTTP/1.1" 500 Internal Server Error
ERROR:    Exception in ASGI application
Traceback (most recent call last):
  File "/home/opc/.local/lib/python3.9/site-packages/uvicorn/protocols/http/h11_impl.py", line 409, in run_asgi
    result = await app(  # type: ignore[func-returns-value]
  File "/home/opc/.local/lib/python3.9/site-packages/uvicorn/middleware/proxy_headers.py", line 60, in __call__
    return await self.app(scope, receive, send)
  File "/home/opc/.local/lib/python3.9/site-packages/fastapi/applications.py", line 1138, in __call__
    await super().__call__(scope, receive, send)
  File "/home/opc/.local/lib/python3.9/site-packages/starlette/applications.py", line 113, in __call__
    await self.middleware_stack(scope, receive, send)
  File "/home/opc/.local/lib/python3.9/site-packages/starlette/middleware/errors.py", line 186, in __call__
    raise exc
  File "/home/opc/.local/lib/python3.9/site-packages/starlette/middleware/errors.py", line 164, in __call__
    await self.app(scope, receive, _send)
  File "/home/opc/.local/lib/python3.9/site-packages/starlette/middleware/exceptions.py", line 63, in __call__
    await wrap_app_handling_exceptions(self.app, conn)(scope, receive, send)
  File "/home/opc/.local/lib/python3.9/site-packages/starlette/_exception_handler.py", line 53, in wrapped_app
    raise exc
  File "/home/opc/.local/lib/python3.9/site-packages/starlette/_exception_handler.py", line 42, in wrapped_app
    await app(scope, receive, sender)
  File "/home/opc/.local/lib/python3.9/site-packages/fastapi/middleware/asyncexitstack.py", line 18, in __call__
    await self.app(scope, receive, send)
  File "/home/opc/.local/lib/python3.9/site-packages/starlette/routing.py", line 716, in __call__
    await self.middleware_stack(scope, receive, send)
  File "/home/opc/.local/lib/python3.9/site-packages/starlette/routing.py", line 736, in app
    await route.handle(scope, receive, send)
  File "/home/opc/.local/lib/python3.9/site-packages/starlette/routing.py", line 290, in handle
    await self.app(scope, receive, send)
  File "/home/opc/.local/lib/python3.9/site-packages/fastapi/routing.py", line 121, in app
    await wrap_app_handling_exceptions(app, request)(scope, receive, send)
  File "/home/opc/.local/lib/python3.9/site-packages/starlette/_exception_handler.py", line 53, in wrapped_app
    raise exc
  File "/home/opc/.local/lib/python3.9/site-packages/starlette/_exception_handler.py", line 42, in wrapped_app
    await app(scope, receive, sender)
  File "/home/opc/.local/lib/python3.9/site-packages/fastapi/routing.py", line 107, in app
    response = await f(request)
  File "/home/opc/.local/lib/python3.9/site-packages/fastapi/routing.py", line 426, in app
    raw_response = await run_endpoint_function(
  File "/home/opc/.local/lib/python3.9/site-packages/fastapi/routing.py", line 314, in run_endpoint_function
    return await dependant.call(**values)
  File "/home/opc/stack/app.py", line 23, in ingest_webhook
    classification = classifier.evaluate(payload)
AttributeError: 'RulesFirstClassifier' object has no attribute 'evaluate'
INFO:     Shutting down
INFO:     Waiting for application shutdown.
INFO:     Application shutdown complete.
INFO:     Finished server process [53032]
INFO:     Started server process [53045]
INFO:     Waiting for application startup.
/home/opc/stack/app.py:13: RuntimeWarning: coroutine 'RedisStreamsBroker.connect' was never awaited
  broker.connect()
RuntimeWarning: Enable tracemalloc to get the object allocation traceback
INFO:     Application startup complete.
INFO:     Uvicorn running on http://0.0.0.0:8000 (Press CTRL+C to quit)
INFO:     Shutting down
INFO:     Waiting for application shutdown.
INFO:     Application shutdown complete.
INFO:     Finished server process [53045]
INFO:     Started server process [53048]
INFO:     Waiting for application startup.
/home/opc/stack/app.py:13: RuntimeWarning: coroutine 'RedisStreamsBroker.connect' was never awaited
  broker.connect()
RuntimeWarning: Enable tracemalloc to get the object allocation traceback
INFO:     Application startup complete.
INFO:     Uvicorn running on http://0.0.0.0:8000 (Press CTRL+C to quit)
INFO:     Shutting down
INFO:     Waiting for application shutdown.
INFO:     Application shutdown complete.
INFO:     Finished server process [53048]
INFO:     Started server process [57228]
INFO:     Waiting for application startup.
/home/opc/stack/app.py:14: RuntimeWarning: coroutine 'RedisStreamsBroker.connect' was never awaited
  broker.connect()
RuntimeWarning: Enable tracemalloc to get the object allocation traceback
INFO:     Application startup complete.
INFO:     Uvicorn running on http://0.0.0.0:8000 (Press CTRL+C to quit)
INFO:     Shutting down
INFO:     Waiting for application shutdown.
INFO:     Application shutdown complete.
INFO:     Finished server process [57228]
INFO:     Started server process [57258]
INFO:     Waiting for application startup.
/home/opc/stack/app.py:14: RuntimeWarning: coroutine 'RedisStreamsBroker.connect' was never awaited
  broker.connect()
RuntimeWarning: Enable tracemalloc to get the object allocation traceback
INFO:     Application startup complete.
INFO:     Uvicorn running on http://0.0.0.0:8000 (Press CTRL+C to quit)
INFO:     127.0.0.1:41306 - "GET /health HTTP/1.1" 200 OK
INFO:     Shutting down
INFO:     Waiting for application shutdown.
INFO:     Application shutdown complete.
INFO:     Finished server process [57258]
INFO:     Started server process [57879]
INFO:     Waiting for application startup.
/home/opc/stack/app.py:14: RuntimeWarning: coroutine 'RedisStreamsBroker.connect' was never awaited
  broker.connect()
RuntimeWarning: Enable tracemalloc to get the object allocation traceback
INFO:     Application startup complete.
INFO:     Uvicorn running on http://0.0.0.0:8000 (Press CTRL+C to quit)
INFO:     127.0.0.1:56600 - "GET /health HTTP/1.1" 200 OK
INFO:     127.0.0.1:42974 - "GET /health HTTP/1.1" 200 OK
INFO:     127.0.0.1:51254 - "POST /webhook HTTP/1.1" 400 Bad Request
INFO:     127.0.0.1:51262 - "POST /webhook HTTP/1.1" 400 Bad Request
INFO:     127.0.0.1:36678 - "POST /webhook HTTP/1.1" 500 Internal Server Error
ERROR:    Exception in ASGI application
Traceback (most recent call last):
  File "/home/opc/.local/lib/python3.9/site-packages/uvicorn/protocols/http/h11_impl.py", line 409, in run_asgi
    result = await app(  # type: ignore[func-returns-value]
  File "/home/opc/.local/lib/python3.9/site-packages/uvicorn/middleware/proxy_headers.py", line 60, in __call__
    return await self.app(scope, receive, send)
  File "/home/opc/.local/lib/python3.9/site-packages/fastapi/applications.py", line 1138, in __call__
    await super().__call__(scope, receive, send)
  File "/home/opc/.local/lib/python3.9/site-packages/starlette/applications.py", line 113, in __call__
    await self.middleware_stack(scope, receive, send)
  File "/home/opc/.local/lib/python3.9/site-packages/starlette/middleware/errors.py", line 186, in __call__
    raise exc
  File "/home/opc/.local/lib/python3.9/site-packages/starlette/middleware/errors.py", line 164, in __call__
    await self.app(scope, receive, _send)
  File "/home/opc/.local/lib/python3.9/site-packages/starlette/middleware/exceptions.py", line 63, in __call__
    await wrap_app_handling_exceptions(self.app, conn)(scope, receive, send)
  File "/home/opc/.local/lib/python3.9/site-packages/starlette/_exception_handler.py", line 53, in wrapped_app
    raise exc
  File "/home/opc/.local/lib/python3.9/site-packages/starlette/_exception_handler.py", line 42, in wrapped_app
    await app(scope, receive, sender)
  File "/home/opc/.local/lib/python3.9/site-packages/fastapi/middleware/asyncexitstack.py", line 18, in __call__
    await self.app(scope, receive, send)
  File "/home/opc/.local/lib/python3.9/site-packages/starlette/routing.py", line 716, in __call__
    await self.middleware_stack(scope, receive, send)
  File "/home/opc/.local/lib/python3.9/site-packages/starlette/routing.py", line 736, in app
    await route.handle(scope, receive, send)
  File "/home/opc/.local/lib/python3.9/site-packages/starlette/routing.py", line 290, in handle
    await self.app(scope, receive, send)
  File "/home/opc/.local/lib/python3.9/site-packages/fastapi/routing.py", line 121, in app
    await wrap_app_handling_exceptions(app, request)(scope, receive, send)
  File "/home/opc/.local/lib/python3.9/site-packages/starlette/_exception_handler.py", line 53, in wrapped_app
    raise exc
  File "/home/opc/.local/lib/python3.9/site-packages/starlette/_exception_handler.py", line 42, in wrapped_app
    await app(scope, receive, sender)
  File "/home/opc/.local/lib/python3.9/site-packages/fastapi/routing.py", line 107, in app
    response = await f(request)
  File "/home/opc/.local/lib/python3.9/site-packages/fastapi/routing.py", line 426, in app
    raw_response = await run_endpoint_function(
  File "/home/opc/.local/lib/python3.9/site-packages/fastapi/routing.py", line 314, in run_endpoint_function
    return await dependant.call(**values)
  File "/home/opc/stack/app.py", line 26, in ingest_webhook
    classification = classifier.classify(payload)
  File "/home/opc/stack/classifier.py", line 136, in classify
    if not payload_bytes or not payload_bytes.strip():
AttributeError: 'dict' object has no attribute 'strip'
INFO:     127.0.0.1:55564 - "POST /webhook HTTP/1.1" 500 Internal Server Error
ERROR:    Exception in ASGI application
Traceback (most recent call last):
  File "/home/opc/.local/lib/python3.9/site-packages/uvicorn/protocols/http/h11_impl.py", line 409, in run_asgi
    result = await app(  # type: ignore[func-returns-value]
  File "/home/opc/.local/lib/python3.9/site-packages/uvicorn/middleware/proxy_headers.py", line 60, in __call__
    return await self.app(scope, receive, send)
  File "/home/opc/.local/lib/python3.9/site-packages/fastapi/applications.py", line 1138, in __call__
    await super().__call__(scope, receive, send)
  File "/home/opc/.local/lib/python3.9/site-packages/starlette/applications.py", line 113, in __call__
    await self.middleware_stack(scope, receive, send)
  File "/home/opc/.local/lib/python3.9/site-packages/starlette/middleware/errors.py", line 186, in __call__
    raise exc
  File "/home/opc/.local/lib/python3.9/site-packages/starlette/middleware/errors.py", line 164, in __call__
    await self.app(scope, receive, _send)
  File "/home/opc/.local/lib/python3.9/site-packages/starlette/middleware/exceptions.py", line 63, in __call__
    await wrap_app_handling_exceptions(self.app, conn)(scope, receive, send)
  File "/home/opc/.local/lib/python3.9/site-packages/starlette/_exception_handler.py", line 53, in wrapped_app
    raise exc
  File "/home/opc/.local/lib/python3.9/site-packages/starlette/_exception_handler.py", line 42, in wrapped_app
    await app(scope, receive, sender)
  File "/home/opc/.local/lib/python3.9/site-packages/fastapi/middleware/asyncexitstack.py", line 18, in __call__
    await self.app(scope, receive, send)
  File "/home/opc/.local/lib/python3.9/site-packages/starlette/routing.py", line 716, in __call__
    await self.middleware_stack(scope, receive, send)
  File "/home/opc/.local/lib/python3.9/site-packages/starlette/routing.py", line 736, in app
    await route.handle(scope, receive, send)
  File "/home/opc/.local/lib/python3.9/site-packages/starlette/routing.py", line 290, in handle
    await self.app(scope, receive, send)
  File "/home/opc/.local/lib/python3.9/site-packages/fastapi/routing.py", line 121, in app
    await wrap_app_handling_exceptions(app, request)(scope, receive, send)
  File "/home/opc/.local/lib/python3.9/site-packages/starlette/_exception_handler.py", line 53, in wrapped_app
    raise exc
  File "/home/opc/.local/lib/python3.9/site-packages/starlette/_exception_handler.py", line 42, in wrapped_app
    await app(scope, receive, sender)
  File "/home/opc/.local/lib/python3.9/site-packages/fastapi/routing.py", line 107, in app
    response = await f(request)
  File "/home/opc/.local/lib/python3.9/site-packages/fastapi/routing.py", line 426, in app
    raw_response = await run_endpoint_function(
  File "/home/opc/.local/lib/python3.9/site-packages/fastapi/routing.py", line 314, in run_endpoint_function
    return await dependant.call(**values)
  File "/home/opc/stack/app.py", line 26, in ingest_webhook
    classification = classifier.classify(payload)
  File "/home/opc/stack/classifier.py", line 136, in classify
    if not payload_bytes or not payload_bytes.strip():
AttributeError: 'dict' object has no attribute 'strip'
INFO:     127.0.0.1:58520 - "POST /webhook HTTP/1.1" 500 Internal Server Error
ERROR:    Exception in ASGI application
Traceback (most recent call last):
  File "/home/opc/.local/lib/python3.9/site-packages/uvicorn/protocols/http/h11_impl.py", line 409, in run_asgi
    result = await app(  # type: ignore[func-returns-value]
  File "/home/opc/.local/lib/python3.9/site-packages/uvicorn/middleware/proxy_headers.py", line 60, in __call__
    return await self.app(scope, receive, send)
  File "/home/opc/.local/lib/python3.9/site-packages/fastapi/applications.py", line 1138, in __call__
    await super().__call__(scope, receive, send)
  File "/home/opc/.local/lib/python3.9/site-packages/starlette/applications.py", line 113, in __call__
    await self.middleware_stack(scope, receive, send)
  File "/home/opc/.local/lib/python3.9/site-packages/starlette/middleware/errors.py", line 186, in __call__
    raise exc
  File "/home/opc/.local/lib/python3.9/site-packages/starlette/middleware/errors.py", line 164, in __call__
    await self.app(scope, receive, _send)
  File "/home/opc/.local/lib/python3.9/site-packages/starlette/middleware/exceptions.py", line 63, in __call__
    await wrap_app_handling_exceptions(self.app, conn)(scope, receive, send)
  File "/home/opc/.local/lib/python3.9/site-packages/starlette/_exception_handler.py", line 53, in wrapped_app
    raise exc
  File "/home/opc/.local/lib/python3.9/site-packages/starlette/_exception_handler.py", line 42, in wrapped_app
    await app(scope, receive, sender)
  File "/home/opc/.local/lib/python3.9/site-packages/fastapi/middleware/asyncexitstack.py", line 18, in __call__
    await self.app(scope, receive, send)
  File "/home/opc/.local/lib/python3.9/site-packages/starlette/routing.py", line 716, in __call__
    await self.middleware_stack(scope, receive, send)
  File "/home/opc/.local/lib/python3.9/site-packages/starlette/routing.py", line 736, in app
    await route.handle(scope, receive, send)
  File "/home/opc/.local/lib/python3.9/site-packages/starlette/routing.py", line 290, in handle
    await self.app(scope, receive, send)
  File "/home/opc/.local/lib/python3.9/site-packages/fastapi/routing.py", line 121, in app
    await wrap_app_handling_exceptions(app, request)(scope, receive, send)
  File "/home/opc/.local/lib/python3.9/site-packages/starlette/_exception_handler.py", line 53, in wrapped_app
    raise exc
  File "/home/opc/.local/lib/python3.9/site-packages/starlette/_exception_handler.py", line 42, in wrapped_app
    await app(scope, receive, sender)
  File "/home/opc/.local/lib/python3.9/site-packages/fastapi/routing.py", line 107, in app
    response = await f(request)
  File "/home/opc/.local/lib/python3.9/site-packages/fastapi/routing.py", line 426, in app
    raw_response = await run_endpoint_function(
  File "/home/opc/.local/lib/python3.9/site-packages/fastapi/routing.py", line 314, in run_endpoint_function
    return await dependant.call(**values)
  File "/home/opc/stack/app.py", line 26, in ingest_webhook
    classification = classifier.classify(payload)
  File "/home/opc/stack/classifier.py", line 136, in classify
    if not payload_bytes or not payload_bytes.strip():
AttributeError: 'dict' object has no attribute 'strip'
INFO:     Shutting down
INFO:     Waiting for application shutdown.
INFO:     Application shutdown complete.
INFO:     Finished server process [57879]
INFO:     Started server process [58786]
INFO:     Waiting for application startup.
/home/opc/stack/app.py:13: RuntimeWarning: coroutine 'RedisStreamsBroker.connect' was never awaited
  broker.connect()
RuntimeWarning: Enable tracemalloc to get the object allocation traceback
INFO:     Application startup complete.
INFO:     Uvicorn running on http://0.0.0.0:8000 (Press CTRL+C to quit)
INFO:     Shutting down
INFO:     Waiting for application shutdown.
INFO:     Application shutdown complete.
INFO:     Finished server process [58786]
INFO:     Started server process [58790]
INFO:     Waiting for application startup.
/home/opc/stack/app.py:13: RuntimeWarning: coroutine 'RedisStreamsBroker.connect' was never awaited
  broker.connect()
RuntimeWarning: Enable tracemalloc to get the object allocation traceback
INFO:     Application startup complete.
INFO:     Uvicorn running on http://0.0.0.0:8000 (Press CTRL+C to quit)
INFO:     127.0.0.1:36718 - "POST /webhook HTTP/1.1" 500 Internal Server Error
ERROR:    Exception in ASGI application
Traceback (most recent call last):
  File "/home/opc/.local/lib/python3.9/site-packages/uvicorn/protocols/http/h11_impl.py", line 409, in run_asgi
    result = await app(  # type: ignore[func-returns-value]
  File "/home/opc/.local/lib/python3.9/site-packages/uvicorn/middleware/proxy_headers.py", line 60, in __call__
    return await self.app(scope, receive, send)
  File "/home/opc/.local/lib/python3.9/site-packages/fastapi/applications.py", line 1138, in __call__
    await super().__call__(scope, receive, send)
  File "/home/opc/.local/lib/python3.9/site-packages/starlette/applications.py", line 113, in __call__
    await self.middleware_stack(scope, receive, send)
  File "/home/opc/.local/lib/python3.9/site-packages/starlette/middleware/errors.py", line 186, in __call__
    raise exc
  File "/home/opc/.local/lib/python3.9/site-packages/starlette/middleware/errors.py", line 164, in __call__
    await self.app(scope, receive, _send)
  File "/home/opc/.local/lib/python3.9/site-packages/starlette/middleware/exceptions.py", line 63, in __call__
    await wrap_app_handling_exceptions(self.app, conn)(scope, receive, send)
  File "/home/opc/.local/lib/python3.9/site-packages/starlette/_exception_handler.py", line 53, in wrapped_app
    raise exc
  File "/home/opc/.local/lib/python3.9/site-packages/starlette/_exception_handler.py", line 42, in wrapped_app
    await app(scope, receive, sender)
  File "/home/opc/.local/lib/python3.9/site-packages/fastapi/middleware/asyncexitstack.py", line 18, in __call__
    await self.app(scope, receive, send)
  File "/home/opc/.local/lib/python3.9/site-packages/starlette/routing.py", line 716, in __call__
    await self.middleware_stack(scope, receive, send)
  File "/home/opc/.local/lib/python3.9/site-packages/starlette/routing.py", line 736, in app
    await route.handle(scope, receive, send)
  File "/home/opc/.local/lib/python3.9/site-packages/starlette/routing.py", line 290, in handle
    await self.app(scope, receive, send)
  File "/home/opc/.local/lib/python3.9/site-packages/fastapi/routing.py", line 121, in app
    await wrap_app_handling_exceptions(app, request)(scope, receive, send)
  File "/home/opc/.local/lib/python3.9/site-packages/starlette/_exception_handler.py", line 53, in wrapped_app
    raise exc
  File "/home/opc/.local/lib/python3.9/site-packages/starlette/_exception_handler.py", line 42, in wrapped_app
    await app(scope, receive, sender)
  File "/home/opc/.local/lib/python3.9/site-packages/fastapi/routing.py", line 107, in app
    response = await f(request)
  File "/home/opc/.local/lib/python3.9/site-packages/fastapi/routing.py", line 426, in app
    raw_response = await run_endpoint_function(
  File "/home/opc/.local/lib/python3.9/site-packages/fastapi/routing.py", line 314, in run_endpoint_function
    return await dependant.call(**values)
  File "/home/opc/stack/app.py", line 43, in ingest_webhook
    event_id = broker.publish_event(
AttributeError: 'RedisStreamsBroker' object has no attribute 'publish_event'
INFO:     127.0.0.1:48638 - "POST /webhook HTTP/1.1" 500 Internal Server Error
ERROR:    Exception in ASGI application
Traceback (most recent call last):
  File "/home/opc/.local/lib/python3.9/site-packages/uvicorn/protocols/http/h11_impl.py", line 409, in run_asgi
    result = await app(  # type: ignore[func-returns-value]
  File "/home/opc/.local/lib/python3.9/site-packages/uvicorn/middleware/proxy_headers.py", line 60, in __call__
    return await self.app(scope, receive, send)
  File "/home/opc/.local/lib/python3.9/site-packages/fastapi/applications.py", line 1138, in __call__
    await super().__call__(scope, receive, send)
  File "/home/opc/.local/lib/python3.9/site-packages/starlette/applications.py", line 113, in __call__
    await self.middleware_stack(scope, receive, send)
  File "/home/opc/.local/lib/python3.9/site-packages/starlette/middleware/errors.py", line 186, in __call__
    raise exc
  File "/home/opc/.local/lib/python3.9/site-packages/starlette/middleware/errors.py", line 164, in __call__
    await self.app(scope, receive, _send)
  File "/home/opc/.local/lib/python3.9/site-packages/starlette/middleware/exceptions.py", line 63, in __call__
    await wrap_app_handling_exceptions(self.app, conn)(scope, receive, send)
  File "/home/opc/.local/lib/python3.9/site-packages/starlette/_exception_handler.py", line 53, in wrapped_app
    raise exc
  File "/home/opc/.local/lib/python3.9/site-packages/starlette/_exception_handler.py", line 42, in wrapped_app
    await app(scope, receive, sender)
  File "/home/opc/.local/lib/python3.9/site-packages/fastapi/middleware/asyncexitstack.py", line 18, in __call__
    await self.app(scope, receive, send)
  File "/home/opc/.local/lib/python3.9/site-packages/starlette/routing.py", line 716, in __call__
    await self.middleware_stack(scope, receive, send)
  File "/home/opc/.local/lib/python3.9/site-packages/starlette/routing.py", line 736, in app
    await route.handle(scope, receive, send)
  File "/home/opc/.local/lib/python3.9/site-packages/starlette/routing.py", line 290, in handle
    await self.app(scope, receive, send)
  File "/home/opc/.local/lib/python3.9/site-packages/fastapi/routing.py", line 121, in app
    await wrap_app_handling_exceptions(app, request)(scope, receive, send)
  File "/home/opc/.local/lib/python3.9/site-packages/starlette/_exception_handler.py", line 53, in wrapped_app
    raise exc
  File "/home/opc/.local/lib/python3.9/site-packages/starlette/_exception_handler.py", line 42, in wrapped_app
    await app(scope, receive, sender)
  File "/home/opc/.local/lib/python3.9/site-packages/fastapi/routing.py", line 107, in app
    response = await f(request)
  File "/home/opc/.local/lib/python3.9/site-packages/fastapi/routing.py", line 426, in app
    raw_response = await run_endpoint_function(
  File "/home/opc/.local/lib/python3.9/site-packages/fastapi/routing.py", line 314, in run_endpoint_function
    return await dependant.call(**values)
  File "/home/opc/stack/app.py", line 43, in ingest_webhook
    event_id = broker.publish_event(
AttributeError: 'RedisStreamsBroker' object has no attribute 'publish_event'
INFO:     127.0.0.1:51044 - "POST /webhook HTTP/1.1" 500 Internal Server Error
ERROR:    Exception in ASGI application
Traceback (most recent call last):
  File "/home/opc/.local/lib/python3.9/site-packages/uvicorn/protocols/http/h11_impl.py", line 409, in run_asgi
    result = await app(  # type: ignore[func-returns-value]
  File "/home/opc/.local/lib/python3.9/site-packages/uvicorn/middleware/proxy_headers.py", line 60, in __call__
    return await self.app(scope, receive, send)
  File "/home/opc/.local/lib/python3.9/site-packages/fastapi/applications.py", line 1138, in __call__
    await super().__call__(scope, receive, send)
  File "/home/opc/.local/lib/python3.9/site-packages/starlette/applications.py", line 113, in __call__
    await self.middleware_stack(scope, receive, send)
  File "/home/opc/.local/lib/python3.9/site-packages/starlette/middleware/errors.py", line 186, in __call__
    raise exc
  File "/home/opc/.local/lib/python3.9/site-packages/starlette/middleware/errors.py", line 164, in __call__
    await self.app(scope, receive, _send)
  File "/home/opc/.local/lib/python3.9/site-packages/starlette/middleware/exceptions.py", line 63, in __call__
    await wrap_app_handling_exceptions(self.app, conn)(scope, receive, send)
  File "/home/opc/.local/lib/python3.9/site-packages/starlette/_exception_handler.py", line 53, in wrapped_app
    raise exc
  File "/home/opc/.local/lib/python3.9/site-packages/starlette/_exception_handler.py", line 42, in wrapped_app
    await app(scope, receive, sender)
  File "/home/opc/.local/lib/python3.9/site-packages/fastapi/middleware/asyncexitstack.py", line 18, in __call__
    await self.app(scope, receive, send)
  File "/home/opc/.local/lib/python3.9/site-packages/starlette/routing.py", line 716, in __call__
    await self.middleware_stack(scope, receive, send)
  File "/home/opc/.local/lib/python3.9/site-packages/starlette/routing.py", line 736, in app
    await route.handle(scope, receive, send)
  File "/home/opc/.local/lib/python3.9/site-packages/starlette/routing.py", line 290, in handle
    await self.app(scope, receive, send)
  File "/home/opc/.local/lib/python3.9/site-packages/fastapi/routing.py", line 121, in app
    await wrap_app_handling_exceptions(app, request)(scope, receive, send)
  File "/home/opc/.local/lib/python3.9/site-packages/starlette/_exception_handler.py", line 53, in wrapped_app
    raise exc
  File "/home/opc/.local/lib/python3.9/site-packages/starlette/_exception_handler.py", line 42, in wrapped_app
    await app(scope, receive, sender)
  File "/home/opc/.local/lib/python3.9/site-packages/fastapi/routing.py", line 107, in app
    response = await f(request)
  File "/home/opc/.local/lib/python3.9/site-packages/fastapi/routing.py", line 426, in app
    raw_response = await run_endpoint_function(
  File "/home/opc/.local/lib/python3.9/site-packages/fastapi/routing.py", line 314, in run_endpoint_function
    return await dependant.call(**values)
  File "/home/opc/stack/app.py", line 43, in ingest_webhook
    event_id = broker.publish_event(
AttributeError: 'RedisStreamsBroker' object has no attribute 'publish_event'
INFO:     Shutting down
INFO:     Waiting for application shutdown.
INFO:     Application shutdown complete.
INFO:     Finished server process [58790]
INFO:     Started server process [58824]
INFO:     Waiting for application startup.
/home/opc/stack/app.py:13: RuntimeWarning: coroutine 'RedisStreamsBroker.connect' was never awaited
  broker.connect()
RuntimeWarning: Enable tracemalloc to get the object allocation traceback
INFO:     Application startup complete.
INFO:     Uvicorn running on http://0.0.0.0:8000 (Press CTRL+C to quit)
INFO:     127.0.0.1:41036 - "POST /webhook HTTP/1.1" 500 Internal Server Error
ERROR:    Exception in ASGI application
Traceback (most recent call last):
  File "/home/opc/.local/lib/python3.9/site-packages/uvicorn/protocols/http/h11_impl.py", line 409, in run_asgi
    result = await app(  # type: ignore[func-returns-value]
  File "/home/opc/.local/lib/python3.9/site-packages/uvicorn/middleware/proxy_headers.py", line 60, in __call__
    return await self.app(scope, receive, send)
  File "/home/opc/.local/lib/python3.9/site-packages/fastapi/applications.py", line 1138, in __call__
    await super().__call__(scope, receive, send)
  File "/home/opc/.local/lib/python3.9/site-packages/starlette/applications.py", line 113, in __call__
    await self.middleware_stack(scope, receive, send)
  File "/home/opc/.local/lib/python3.9/site-packages/starlette/middleware/errors.py", line 186, in __call__
    raise exc
  File "/home/opc/.local/lib/python3.9/site-packages/starlette/middleware/errors.py", line 164, in __call__
    await self.app(scope, receive, _send)
  File "/home/opc/.local/lib/python3.9/site-packages/starlette/middleware/exceptions.py", line 63, in __call__
    await wrap_app_handling_exceptions(self.app, conn)(scope, receive, send)
  File "/home/opc/.local/lib/python3.9/site-packages/starlette/_exception_handler.py", line 53, in wrapped_app
    raise exc
  File "/home/opc/.local/lib/python3.9/site-packages/starlette/_exception_handler.py", line 42, in wrapped_app
    await app(scope, receive, sender)
  File "/home/opc/.local/lib/python3.9/site-packages/fastapi/middleware/asyncexitstack.py", line 18, in __call__
    await self.app(scope, receive, send)
  File "/home/opc/.local/lib/python3.9/site-packages/starlette/routing.py", line 716, in __call__
    await self.middleware_stack(scope, receive, send)
  File "/home/opc/.local/lib/python3.9/site-packages/starlette/routing.py", line 736, in app
    await route.handle(scope, receive, send)
  File "/home/opc/.local/lib/python3.9/site-packages/starlette/routing.py", line 290, in handle
    await self.app(scope, receive, send)
  File "/home/opc/.local/lib/python3.9/site-packages/fastapi/routing.py", line 121, in app
    await wrap_app_handling_exceptions(app, request)(scope, receive, send)
  File "/home/opc/.local/lib/python3.9/site-packages/starlette/_exception_handler.py", line 53, in wrapped_app
    raise exc
  File "/home/opc/.local/lib/python3.9/site-packages/starlette/_exception_handler.py", line 42, in wrapped_app
    await app(scope, receive, sender)
  File "/home/opc/.local/lib/python3.9/site-packages/fastapi/routing.py", line 107, in app
    response = await f(request)
  File "/home/opc/.local/lib/python3.9/site-packages/fastapi/routing.py", line 426, in app
    raw_response = await run_endpoint_function(
  File "/home/opc/.local/lib/python3.9/site-packages/fastapi/routing.py", line 314, in run_endpoint_function
    return await dependant.call(**values)
  File "/home/opc/stack/app.py", line 43, in ingest_webhook
    event_id = broker.publish_event(
AttributeError: 'RedisStreamsBroker' object has no attribute 'publish_event'
INFO:     127.0.0.1:51824 - "POST /webhook HTTP/1.1" 500 Internal Server Error
ERROR:    Exception in ASGI application
Traceback (most recent call last):
  File "/home/opc/.local/lib/python3.9/site-packages/uvicorn/protocols/http/h11_impl.py", line 409, in run_asgi
    result = await app(  # type: ignore[func-returns-value]
  File "/home/opc/.local/lib/python3.9/site-packages/uvicorn/middleware/proxy_headers.py", line 60, in __call__
    return await self.app(scope, receive, send)
  File "/home/opc/.local/lib/python3.9/site-packages/fastapi/applications.py", line 1138, in __call__
    await super().__call__(scope, receive, send)
  File "/home/opc/.local/lib/python3.9/site-packages/starlette/applications.py", line 113, in __call__
    await self.middleware_stack(scope, receive, send)
  File "/home/opc/.local/lib/python3.9/site-packages/starlette/middleware/errors.py", line 186, in __call__
    raise exc
  File "/home/opc/.local/lib/python3.9/site-packages/starlette/middleware/errors.py", line 164, in __call__
    await self.app(scope, receive, _send)
  File "/home/opc/.local/lib/python3.9/site-packages/starlette/middleware/exceptions.py", line 63, in __call__
    await wrap_app_handling_exceptions(self.app, conn)(scope, receive, send)
  File "/home/opc/.local/lib/python3.9/site-packages/starlette/_exception_handler.py", line 53, in wrapped_app
    raise exc
  File "/home/opc/.local/lib/python3.9/site-packages/starlette/_exception_handler.py", line 42, in wrapped_app
    await app(scope, receive, sender)
  File "/home/opc/.local/lib/python3.9/site-packages/fastapi/middleware/asyncexitstack.py", line 18, in __call__
    await self.app(scope, receive, send)
  File "/home/opc/.local/lib/python3.9/site-packages/starlette/routing.py", line 716, in __call__
    await self.middleware_stack(scope, receive, send)
  File "/home/opc/.local/lib/python3.9/site-packages/starlette/routing.py", line 736, in app
    await route.handle(scope, receive, send)
  File "/home/opc/.local/lib/python3.9/site-packages/starlette/routing.py", line 290, in handle
    await self.app(scope, receive, send)
  File "/home/opc/.local/lib/python3.9/site-packages/fastapi/routing.py", line 121, in app
    await wrap_app_handling_exceptions(app, request)(scope, receive, send)
  File "/home/opc/.local/lib/python3.9/site-packages/starlette/_exception_handler.py", line 53, in wrapped_app
    raise exc
  File "/home/opc/.local/lib/python3.9/site-packages/starlette/_exception_handler.py", line 42, in wrapped_app
    await app(scope, receive, sender)
  File "/home/opc/.local/lib/python3.9/site-packages/fastapi/routing.py", line 107, in app
    response = await f(request)
  File "/home/opc/.local/lib/python3.9/site-packages/fastapi/routing.py", line 426, in app
    raw_response = await run_endpoint_function(
  File "/home/opc/.local/lib/python3.9/site-packages/fastapi/routing.py", line 314, in run_endpoint_function
    return await dependant.call(**values)
  File "/home/opc/stack/app.py", line 43, in ingest_webhook
    event_id = broker.publish_event(
AttributeError: 'RedisStreamsBroker' object has no attribute 'publish_event'
INFO:     Shutting down
INFO:     Waiting for application shutdown.
INFO:     Application shutdown complete.
INFO:     Finished server process [58824]
